\BOOKMARK [0][-]{chapter.1}{\376\377\000I\000n\000t\000r\000o\000d\000u\000c\000t\000i\000o\000n}{}% 1
\BOOKMARK [1][-]{section.1.1}{\376\377\000C\000o\000n\000t\000e\000x\000t\000e\000\040\000d\000u\000\040\000P\000r\000o\000j\000e\000t}{chapter.1}% 2
\BOOKMARK [1][-]{section.1.2}{\376\377\000O\000b\000j\000e\000c\000t\000i\000f\000s\000\040\000d\000u\000\040\000P\000r\000o\000j\000e\000t}{chapter.1}% 3
\BOOKMARK [1][-]{section.1.3}{\376\377\000T\000e\000c\000h\000n\000o\000l\000o\000g\000i\000e\000s\000\040\000U\000t\000i\000l\000i\000s\000\351\000e\000s}{chapter.1}% 4
\BOOKMARK [2][-]{subsection.1.3.1}{\376\377\000A\000m\000a\000z\000o\000n\000\040\000W\000e\000b\000\040\000S\000e\000r\000v\000i\000c\000e\000s\000\040\000\050\000A\000W\000S\000\051}{section.1.3}% 5
\BOOKMARK [2][-]{subsection.1.3.2}{\376\377\000D\000o\000c\000k\000e\000r}{section.1.3}% 6
\BOOKMARK [2][-]{subsection.1.3.3}{\376\377\000Z\000a\000b\000b\000i\000x}{section.1.3}% 7
\BOOKMARK [1][-]{section.1.4}{\376\377\000A\000r\000c\000h\000i\000t\000e\000c\000t\000u\000r\000e\000\040\000C\000i\000b\000l\000e}{chapter.1}% 8
\BOOKMARK [1][-]{section.1.5}{\376\377\000D\000\351\000p\000\364\000t\000\040\000G\000i\000t\000H\000u\000b}{chapter.1}% 9
\BOOKMARK [1][-]{section.1.6}{\376\377\000O\000r\000g\000a\000n\000i\000s\000a\000t\000i\000o\000n\000\040\000d\000u\000\040\000R\000a\000p\000p\000o\000r\000t}{chapter.1}% 10
\BOOKMARK [0][-]{chapter.2}{\376\377\000A\000r\000c\000h\000i\000t\000e\000c\000t\000u\000r\000e\000\040\000R\000\351\000s\000e\000a\000u}{}% 11
\BOOKMARK [1][-]{section.2.1}{\376\377\000V\000u\000e\000\040\000d\000'\000E\000n\000s\000e\000m\000b\000l\000e}{chapter.2}% 12
\BOOKMARK [1][-]{section.2.2}{\376\377\000S\000c\000h\000\351\000m\000a\000\040\000d\000'\000A\000r\000c\000h\000i\000t\000e\000c\000t\000u\000r\000e}{chapter.2}% 13
\BOOKMARK [1][-]{section.2.3}{\376\377\000C\000r\000\351\000a\000t\000i\000o\000n\000\040\000d\000u\000\040\000V\000P\000C}{chapter.2}% 14
\BOOKMARK [2][-]{subsection.2.3.1}{\376\377\000C\000o\000n\000f\000i\000g\000u\000r\000a\000t\000i\000o\000n\000\040\000d\000u\000\040\000V\000P\000C}{section.2.3}% 15
\BOOKMARK [1][-]{section.2.4}{\376\377\000C\000o\000n\000f\000i\000g\000u\000r\000a\000t\000i\000o\000n\000\040\000d\000u\000\040\000S\000u\000b\000n\000e\000t}{chapter.2}% 16
\BOOKMARK [2][-]{subsection.2.4.1}{\376\377\000S\000u\000b\000n\000e\000t\000\040\000P\000u\000b\000l\000i\000c}{section.2.4}% 17
\BOOKMARK [1][-]{section.2.5}{\376\377\000I\000n\000t\000e\000r\000n\000e\000t\000\040\000G\000a\000t\000e\000w\000a\000y}{chapter.2}% 18
\BOOKMARK [1][-]{section.2.6}{\376\377\000S\000e\000c\000u\000r\000i\000t\000y\000\040\000G\000r\000o\000u\000p\000s}{chapter.2}% 19
\BOOKMARK [2][-]{subsection.2.6.1}{\376\377\000S\000e\000c\000u\000r\000i\000t\000y\000\040\000G\000r\000o\000u\000p\000\040\000-\000\040\000S\000e\000r\000v\000e\000u\000r\000\040\000Z\000a\000b\000b\000i\000x}{section.2.6}% 20
\BOOKMARK [2][-]{subsection.2.6.2}{\376\377\000S\000e\000c\000u\000r\000i\000t\000y\000\040\000G\000r\000o\000u\000p\000\040\000-\000\040\000C\000l\000i\000e\000n\000t\000s}{section.2.6}% 21
\BOOKMARK [1][-]{section.2.7}{\376\377\000T\000a\000b\000l\000e\000a\000u\000\040\000R\000\351\000c\000a\000p\000i\000t\000u\000l\000a\000t\000i\000f\000\040\000d\000e\000s\000\040\000P\000o\000r\000t\000s}{chapter.2}% 22
\BOOKMARK [0][-]{chapter.3}{\376\377\000A\000r\000c\000h\000i\000t\000e\000c\000t\000u\000r\000e\000\040\000d\000e\000s\000\040\000I\000n\000s\000t\000a\000n\000c\000e\000s\000\040\000E\000C\0002}{}% 23
\BOOKMARK [1][-]{section.3.1}{\376\377\000V\000u\000e\000\040\000d\000'\000E\000n\000s\000e\000m\000b\000l\000e\000\040\000d\000e\000s\000\040\000I\000n\000s\000t\000a\000n\000c\000e\000s}{chapter.3}% 24
\BOOKMARK [1][-]{section.3.2}{\376\377\000S\000e\000r\000v\000e\000u\000r\000\040\000Z\000a\000b\000b\000i\000x}{chapter.3}% 25
\BOOKMARK [2][-]{subsection.3.2.1}{\376\377\000S\000p\000\351\000c\000i\000f\000i\000c\000a\000t\000i\000o\000n\000s}{section.3.2}% 26
\BOOKMARK [2][-]{subsection.3.2.2}{\376\377\000J\000u\000s\000t\000i\000f\000i\000c\000a\000t\000i\000o\000n\000\040\000d\000u\000\040\000C\000h\000o\000i\000x\000\040\000t\0003\000.\000l\000a\000r\000g\000e}{section.3.2}% 27
\BOOKMARK [1][-]{section.3.3}{\376\377\000C\000l\000i\000e\000n\000t\000\040\000L\000i\000n\000u\000x}{chapter.3}% 28
\BOOKMARK [2][-]{subsection.3.3.1}{\376\377\000S\000p\000\351\000c\000i\000f\000i\000c\000a\000t\000i\000o\000n\000s}{section.3.3}% 29
\BOOKMARK [1][-]{section.3.4}{\376\377\000C\000l\000i\000e\000n\000t\000\040\000W\000i\000n\000d\000o\000w\000s}{chapter.3}% 30
\BOOKMARK [2][-]{subsection.3.4.1}{\376\377\000S\000p\000\351\000c\000i\000f\000i\000c\000a\000t\000i\000o\000n\000s}{section.3.4}% 31
\BOOKMARK [2][-]{subsection.3.4.2}{\376\377\000R\000\351\000c\000u\000p\000\351\000r\000a\000t\000i\000o\000n\000\040\000d\000u\000\040\000M\000o\000t\000\040\000d\000e\000\040\000P\000a\000s\000s\000e\000\040\000W\000i\000n\000d\000o\000w\000s}{section.3.4}% 32
\BOOKMARK [1][-]{section.3.5}{\376\377\000C\000o\000n\000n\000e\000x\000i\000o\000n\000\040\000a\000u\000x\000\040\000I\000n\000s\000t\000a\000n\000c\000e\000s}{chapter.3}% 33
\BOOKMARK [2][-]{subsection.3.5.1}{\376\377\000C\000o\000n\000n\000e\000x\000i\000o\000n\000\040\000S\000S\000H\000\040\000a\000u\000\040\000S\000e\000r\000v\000e\000u\000r\000\040\000Z\000a\000b\000b\000i\000x}{section.3.5}% 34
\BOOKMARK [2][-]{subsection.3.5.2}{\376\377\000C\000o\000n\000n\000e\000x\000i\000o\000n\000\040\000R\000D\000P\000\040\000a\000u\000\040\000C\000l\000i\000e\000n\000t\000\040\000W\000i\000n\000d\000o\000w\000s}{section.3.5}% 35
\BOOKMARK [1][-]{section.3.6}{\376\377\000T\000a\000b\000l\000e\000a\000u\000\040\000R\000\351\000c\000a\000p\000i\000t\000u\000l\000a\000t\000i\000f}{chapter.3}% 36
\BOOKMARK [0][-]{chapter.4}{\376\377\000D\000\351\000p\000l\000o\000i\000e\000m\000e\000n\000t\000\040\000d\000u\000\040\000S\000e\000r\000v\000e\000u\000r\000\040\000Z\000a\000b\000b\000i\000x}{}% 37
\BOOKMARK [1][-]{section.4.1}{\376\377\000I\000n\000s\000t\000a\000l\000l\000a\000t\000i\000o\000n\000\040\000d\000e\000\040\000D\000o\000c\000k\000e\000r}{chapter.4}% 38
\BOOKMARK [2][-]{subsection.4.1.1}{\376\377\000M\000i\000s\000e\000\040\000\340\000\040\000j\000o\000u\000r\000\040\000d\000u\000\040\000S\000y\000s\000t\000\350\000m\000e}{section.4.1}% 39
\BOOKMARK [2][-]{subsection.4.1.2}{\376\377\000I\000n\000s\000t\000a\000l\000l\000a\000t\000i\000o\000n\000\040\000d\000e\000\040\000D\000o\000c\000k\000e\000r\000\040\000E\000n\000g\000i\000n\000e}{section.4.1}% 40
\BOOKMARK [2][-]{subsection.4.1.3}{\376\377\000V\000\351\000r\000i\000f\000i\000c\000a\000t\000i\000o\000n\000\040\000d\000e\000\040\000l\000'\000I\000n\000s\000t\000a\000l\000l\000a\000t\000i\000o\000n}{section.4.1}% 41
\BOOKMARK [1][-]{section.4.2}{\376\377\000C\000o\000n\000f\000i\000g\000u\000r\000a\000t\000i\000o\000n\000\040\000d\000e\000\040\000Z\000a\000b\000b\000i\000x}{chapter.4}% 42
\BOOKMARK [2][-]{subsection.4.2.1}{\376\377\000C\000r\000\351\000a\000t\000i\000o\000n\000\040\000d\000u\000\040\000F\000i\000c\000h\000i\000e\000r\000\040\000d\000o\000c\000k\000e\000r\000-\000c\000o\000m\000p\000o\000s\000e\000.\000y\000m\000l}{section.4.2}% 43
\BOOKMARK [1][-]{section.4.3}{\376\377\000L\000a\000n\000c\000e\000m\000e\000n\000t\000\040\000d\000e\000s\000\040\000C\000o\000n\000t\000e\000n\000e\000u\000r\000s}{chapter.4}% 44
\BOOKMARK [2][-]{subsection.4.3.1}{\376\377\000D\000\351\000m\000a\000r\000r\000a\000g\000e\000\040\000d\000e\000\040\000l\000a\000\040\000S\000t\000a\000c\000k}{section.4.3}% 45
\BOOKMARK [2][-]{subsection.4.3.2}{\376\377\000V\000\351\000r\000i\000f\000i\000c\000a\000t\000i\000o\000n\000\040\000d\000e\000s\000\040\000C\000o\000n\000t\000e\000n\000e\000u\000r\000s}{section.4.3}% 46
\BOOKMARK [1][-]{section.4.4}{\376\377\000A\000c\000c\000\350\000s\000\040\000\340\000\040\000l\000'\000I\000n\000t\000e\000r\000f\000a\000c\000e\000\040\000W\000e\000b}{chapter.4}% 47
\BOOKMARK [2][-]{subsection.4.4.1}{\376\377\000C\000o\000n\000n\000e\000x\000i\000o\000n\000\040\000\340\000\040\000Z\000a\000b\000b\000i\000x}{section.4.4}% 48
\BOOKMARK [2][-]{subsection.4.4.2}{\376\377\000D\000a\000s\000h\000b\000o\000a\000r\000d\000\040\000P\000r\000i\000n\000c\000i\000p\000a\000l}{section.4.4}% 49
\BOOKMARK [1][-]{section.4.5}{\376\377\000A\000r\000c\000h\000i\000t\000e\000c\000t\000u\000r\000e\000\040\000d\000e\000s\000\040\000C\000o\000n\000t\000e\000n\000e\000u\000r\000s}{chapter.4}% 50
\BOOKMARK [1][-]{section.4.6}{\376\377\000C\000o\000m\000m\000a\000n\000d\000e\000s\000\040\000U\000t\000i\000l\000e\000s}{chapter.4}% 51
\BOOKMARK [0][-]{chapter.5}{\376\377\000C\000o\000n\000f\000i\000g\000u\000r\000a\000t\000i\000o\000n\000\040\000d\000e\000s\000\040\000C\000l\000i\000e\000n\000t\000s\000\040\000\050\000A\000g\000e\000n\000t\000s\000\051}{}% 52
\BOOKMARK [1][-]{section.5.1}{\376\377\000V\000u\000e\000\040\000d\000'\000E\000n\000s\000e\000m\000b\000l\000e}{chapter.5}% 53
\BOOKMARK [1][-]{section.5.2}{\376\377\000I\000n\000s\000t\000a\000l\000l\000a\000t\000i\000o\000n\000\040\000s\000u\000r\000\040\000L\000i\000n\000u\000x\000\040\000\050\000U\000b\000u\000n\000t\000u\000\051}{chapter.5}% 54
\BOOKMARK [2][-]{subsection.5.2.1}{\376\377\000C\000o\000n\000n\000e\000x\000i\000o\000n\000\040\000a\000u\000\040\000C\000l\000i\000e\000n\000t\000\040\000L\000i\000n\000u\000x}{section.5.2}% 55
\BOOKMARK [2][-]{subsection.5.2.2}{\376\377\000I\000n\000s\000t\000a\000l\000l\000a\000t\000i\000o\000n\000\040\000d\000e\000\040\000l\000'\000A\000g\000e\000n\000t\000\040\000Z\000a\000b\000b\000i\000x}{section.5.2}% 56
\BOOKMARK [2][-]{subsection.5.2.3}{\376\377\000C\000o\000n\000f\000i\000g\000u\000r\000a\000t\000i\000o\000n\000\040\000d\000e\000\040\000l\000'\000A\000g\000e\000n\000t\000\040\000L\000i\000n\000u\000x}{section.5.2}% 57
\BOOKMARK [2][-]{subsection.5.2.4}{\376\377\000D\000\351\000m\000a\000r\000r\000a\000g\000e\000\040\000d\000u\000\040\000S\000e\000r\000v\000i\000c\000e}{section.5.2}% 58
\BOOKMARK [2][-]{subsection.5.2.5}{\376\377\000V\000\351\000r\000i\000f\000i\000c\000a\000t\000i\000o\000n\000\040\000d\000e\000\040\000l\000a\000\040\000C\000o\000n\000n\000e\000c\000t\000i\000v\000i\000t\000\351}{section.5.2}% 59
\BOOKMARK [1][-]{section.5.3}{\376\377\000I\000n\000s\000t\000a\000l\000l\000a\000t\000i\000o\000n\000\040\000s\000u\000r\000\040\000W\000i\000n\000d\000o\000w\000s}{chapter.5}% 60
\BOOKMARK [2][-]{subsection.5.3.1}{\376\377\000C\000o\000n\000n\000e\000x\000i\000o\000n\000\040\000R\000D\000P}{section.5.3}% 61
\BOOKMARK [2][-]{subsection.5.3.2}{\376\377\000T\000\351\000l\000\351\000c\000h\000a\000r\000g\000e\000m\000e\000n\000t\000\040\000d\000e\000\040\000l\000'\000A\000g\000e\000n\000t}{section.5.3}% 62
\BOOKMARK [2][-]{subsection.5.3.3}{\376\377\000I\000n\000s\000t\000a\000l\000l\000a\000t\000i\000o\000n\000\040\000d\000e\000\040\000l\000'\000A\000g\000e\000n\000t\000\040\000W\000i\000n\000d\000o\000w\000s}{section.5.3}% 63
\BOOKMARK [2][-]{subsection.5.3.4}{\376\377\000V\000\351\000r\000i\000f\000i\000c\000a\000t\000i\000o\000n\000\040\000d\000u\000\040\000S\000e\000r\000v\000i\000c\000e\000\040\000W\000i\000n\000d\000o\000w\000s}{section.5.3}% 64
\BOOKMARK [2][-]{subsection.5.3.5}{\376\377\000C\000o\000n\000f\000i\000g\000u\000r\000a\000t\000i\000o\000n\000\040\000d\000u\000\040\000P\000a\000r\000e\000-\000f\000e\000u\000\040\000W\000i\000n\000d\000o\000w\000s}{section.5.3}% 65
\BOOKMARK [1][-]{section.5.4}{\376\377\000A\000j\000o\000u\000t\000\040\000d\000e\000s\000\040\000H\000\364\000t\000e\000s\000\040\000d\000a\000n\000s\000\040\000Z\000a\000b\000b\000i\000x}{chapter.5}% 66
\BOOKMARK [2][-]{subsection.5.4.1}{\376\377\000A\000j\000o\000u\000t\000e\000r\000\040\000l\000e\000\040\000C\000l\000i\000e\000n\000t\000\040\000L\000i\000n\000u\000x}{section.5.4}% 67
\BOOKMARK [2][-]{subsection.5.4.2}{\376\377\000A\000j\000o\000u\000t\000e\000r\000\040\000l\000e\000\040\000C\000l\000i\000e\000n\000t\000\040\000W\000i\000n\000d\000o\000w\000s}{section.5.4}% 68
\BOOKMARK [1][-]{section.5.5}{\376\377\000V\000\351\000r\000i\000f\000i\000c\000a\000t\000i\000o\000n\000\040\000d\000e\000\040\000l\000a\000\040\000C\000o\000n\000n\000e\000x\000i\000o\000n}{chapter.5}% 69
\BOOKMARK [2][-]{subsection.5.5.1}{\376\377\000L\000i\000s\000t\000e\000\040\000d\000e\000s\000\040\000H\000\364\000t\000e\000s}{section.5.5}% 70
\BOOKMARK [2][-]{subsection.5.5.2}{\376\377\000S\000t\000a\000t\000u\000t\000\040\000d\000e\000s\000\040\000A\000g\000e\000n\000t\000s\000\040\000\050\000Z\000B\000X\000\040\000V\000e\000r\000t\000\051}{section.5.5}% 71
\BOOKMARK [1][-]{section.5.6}{\376\377\000T\000a\000b\000l\000e\000a\000u\000\040\000R\000\351\000c\000a\000p\000i\000t\000u\000l\000a\000t\000i\000f\000\040\000d\000e\000s\000\040\000A\000g\000e\000n\000t\000s}{chapter.5}% 72
\BOOKMARK [0][-]{chapter.6}{\376\377\000M\000o\000n\000i\000t\000o\000r\000i\000n\000g\000\040\000e\000t\000\040\000T\000a\000b\000l\000e\000a\000u\000x\000\040\000d\000e\000\040\000B\000o\000r\000d}{}% 73
\BOOKMARK [1][-]{section.6.1}{\376\377\000V\000u\000e\000\040\000d\000'\000E\000n\000s\000e\000m\000b\000l\000e\000\040\000d\000u\000\040\000M\000o\000n\000i\000t\000o\000r\000i\000n\000g}{chapter.6}% 74
\BOOKMARK [1][-]{section.6.2}{\376\377\000D\000a\000s\000h\000b\000o\000a\000r\000d\000\040\000P\000r\000i\000n\000c\000i\000p\000a\000l}{chapter.6}% 75
\BOOKMARK [1][-]{section.6.3}{\376\377\000M\000\351\000t\000r\000i\000q\000u\000e\000s\000\040\000C\000o\000l\000l\000e\000c\000t\000\351\000e\000s}{chapter.6}% 76
\BOOKMARK [2][-]{subsection.6.3.1}{\376\377\000M\000\351\000t\000r\000i\000q\000u\000e\000s\000\040\000S\000y\000s\000t\000\350\000m\000e\000\040\000L\000i\000n\000u\000x}{section.6.3}% 77
\BOOKMARK [2][-]{subsection.6.3.2}{\376\377\000M\000\351\000t\000r\000i\000q\000u\000e\000s\000\040\000S\000y\000s\000t\000\350\000m\000e\000\040\000W\000i\000n\000d\000o\000w\000s}{section.6.3}% 78
\BOOKMARK [1][-]{section.6.4}{\376\377\000T\000e\000s\000t\000\040\000d\000e\000\040\000C\000h\000a\000r\000g\000e\000\040\000\050\000S\000t\000r\000e\000s\000s\000\040\000T\000e\000s\000t\000\051}{chapter.6}% 79
\BOOKMARK [2][-]{subsection.6.4.1}{\376\377\000O\000b\000j\000e\000c\000t\000i\000f}{section.6.4}% 80
\BOOKMARK [2][-]{subsection.6.4.2}{\376\377\000E\000x\000\351\000c\000u\000t\000i\000o\000n\000\040\000d\000u\000\040\000T\000e\000s\000t}{section.6.4}% 81
\BOOKMARK [2][-]{subsection.6.4.3}{\376\377\000O\000b\000s\000e\000r\000v\000a\000t\000i\000o\000n\000\040\000d\000a\000n\000s\000\040\000Z\000a\000b\000b\000i\000x}{section.6.4}% 82
\BOOKMARK [1][-]{section.6.5}{\376\377\000G\000e\000s\000t\000i\000o\000n\000\040\000d\000e\000s\000\040\000A\000l\000e\000r\000t\000e\000s}{chapter.6}% 83
\BOOKMARK [2][-]{subsection.6.5.1}{\376\377\000P\000r\000o\000b\000l\000\350\000m\000e\000s\000\040\000D\000\351\000t\000e\000c\000t\000\351\000s}{section.6.5}% 84
\BOOKMARK [2][-]{subsection.6.5.2}{\376\377\000L\000i\000s\000t\000e\000\040\000d\000e\000s\000\040\000P\000r\000o\000b\000l\000\350\000m\000e\000s}{section.6.5}% 85
\BOOKMARK [2][-]{subsection.6.5.3}{\376\377\000H\000i\000s\000t\000o\000r\000i\000q\000u\000e\000\040\000d\000e\000s\000\040\000\311\000v\000\351\000n\000e\000m\000e\000n\000t\000s}{section.6.5}% 86
\BOOKMARK [1][-]{section.6.6}{\376\377\000C\000o\000n\000f\000i\000g\000u\000r\000a\000t\000i\000o\000n\000\040\000d\000e\000s\000\040\000T\000r\000i\000g\000g\000e\000r\000s}{chapter.6}% 87
\BOOKMARK [2][-]{subsection.6.6.1}{\376\377\000L\000i\000s\000t\000e\000\040\000d\000e\000s\000\040\000T\000r\000i\000g\000g\000e\000r\000s}{section.6.6}% 88
\BOOKMARK [2][-]{subsection.6.6.2}{\376\377\000E\000x\000e\000m\000p\000l\000e\000s\000\040\000d\000e\000\040\000T\000r\000i\000g\000g\000e\000r\000s}{section.6.6}% 89
\BOOKMARK [1][-]{section.6.7}{\376\377\000V\000i\000s\000u\000a\000l\000i\000s\000a\000t\000i\000o\000n\000\040\000d\000e\000s\000\040\000D\000o\000n\000n\000\351\000e\000s}{chapter.6}% 90
\BOOKMARK [2][-]{subsection.6.7.1}{\376\377\000L\000a\000t\000e\000s\000t\000\040\000D\000a\000t\000a}{section.6.7}% 91
\BOOKMARK [2][-]{subsection.6.7.2}{\376\377\000G\000r\000a\000p\000h\000i\000q\000u\000e\000s}{section.6.7}% 92
\BOOKMARK [1][-]{section.6.8}{\376\377\000R\000\351\000c\000a\000p\000i\000t\000u\000l\000a\000t\000i\000f\000\040\000d\000u\000\040\000M\000o\000n\000i\000t\000o\000r\000i\000n\000g}{chapter.6}% 93
\BOOKMARK [1][-]{section.6.9}{\376\377\000P\000o\000i\000n\000t\000s\000\040\000C\000l\000\351\000s}{chapter.6}% 94
\BOOKMARK [0][-]{chapter.7}{\376\377\000C\000o\000n\000c\000l\000u\000s\000i\000o\000n}{}% 95
\BOOKMARK [1][-]{section.7.1}{\376\377\000S\000y\000n\000t\000h\000\350\000s\000e\000\040\000d\000u\000\040\000P\000r\000o\000j\000e\000t}{chapter.7}% 96
\BOOKMARK [1][-]{section.7.2}{\376\377\000C\000o\000m\000p\000\351\000t\000e\000n\000c\000e\000s\000\040\000A\000c\000q\000u\000i\000s\000e\000s}{chapter.7}% 97
\BOOKMARK [2][-]{subsection.7.2.1}{\376\377\000A\000m\000a\000z\000o\000n\000\040\000W\000e\000b\000\040\000S\000e\000r\000v\000i\000c\000e\000s}{section.7.2}% 98
\BOOKMARK [2][-]{subsection.7.2.2}{\376\377\000D\000o\000c\000k\000e\000r\000\040\000e\000t\000\040\000C\000o\000n\000t\000e\000n\000e\000u\000r\000i\000s\000a\000t\000i\000o\000n}{section.7.2}% 99
\BOOKMARK [2][-]{subsection.7.2.3}{\376\377\000Z\000a\000b\000b\000i\000x\000\040\000e\000t\000\040\000M\000o\000n\000i\000t\000o\000r\000i\000n\000g}{section.7.2}% 100
\BOOKMARK [1][-]{section.7.3}{\376\377\000D\000i\000f\000f\000i\000c\000u\000l\000t\000\351\000s\000\040\000R\000e\000n\000c\000o\000n\000t\000r\000\351\000e\000s}{chapter.7}% 101
\BOOKMARK [2][-]{subsection.7.3.1}{\376\377\000P\000r\000o\000b\000l\000\350\000m\000e\000s\000\040\000e\000t\000\040\000S\000o\000l\000u\000t\000i\000o\000n\000s}{section.7.3}% 102
\BOOKMARK [1][-]{section.7.4}{\376\377\000L\000i\000m\000i\000t\000a\000t\000i\000o\000n\000s\000\040\000d\000u\000\040\000L\000e\000a\000r\000n\000e\000r\000\040\000L\000a\000b}{chapter.7}% 103
\BOOKMARK [1][-]{section.7.5}{\376\377\000A\000m\000\351\000l\000i\000o\000r\000a\000t\000i\000o\000n\000s\000\040\000P\000o\000s\000s\000i\000b\000l\000e\000s}{chapter.7}% 104
\BOOKMARK [1][-]{section.7.6}{\376\377\000P\000e\000r\000s\000p\000e\000c\000t\000i\000v\000e\000s}{chapter.7}% 105
\BOOKMARK [1][-]{section.7.7}{\376\377\000C\000o\000n\000c\000l\000u\000s\000i\000o\000n\000\040\000G\000\351\000n\000\351\000r\000a\000l\000e}{chapter.7}% 106
